// Vitest Snapshot v1, https://vitest.dev/guide/snapshot.html

exports[`show empty 1`] = `
<div>
  <div
    class="container d-flex flex-column gap-4 min-vh-100"
  >
    <div
      class="navbar bg-body-tertiary rounded-bottom-2"
    >
      <div
        class="container-fluid"
      >
        <a
          class="navbar-brand d-flex gap-2 align-items-center"
          href="/bitmap_editor/"
        >
          <i
            class="bi bi-border-all display-6"
          />
          <div
            class="d-flex flex-column"
          >
            <div
              class="lh-sm"
            >
              Bitmap Editor
            </div>
            <div
              class="h6 text-body-tertiary mb-0"
            >
              Create bitmap image for OLED display
            </div>
          </div>
        </a>
        <a
          class="h3 m-0"
          href="https://github.com/pkolt/bitmap_editor"
          target="_blank"
        >
          <i
            class="bi bi-github"
          />
        </a>
      </div>
    </div>
    <main
      class="d-flex flex-column flex-grow-1 justify-content-center align-items-center"
    >
      <div
        class="d-flex flex-column gap-3"
      >
        <a
          class="btn btn-primary btn-lg"
          href="/bitmap_editor/create_bitmap/"
        >
          Create new bitmap
        </a>
        <a
          class="btn btn-primary btn-lg"
          href="/bitmap_editor/import_from_image/"
        >
          Import from image
        </a>
        <a
          class="btn btn-primary btn-lg"
          href="/bitmap_editor/import_from_json/"
        >
          Import from JSON
        </a>
      </div>
    </main>
    <footer
      class="container-fluid p-3 bg-light text-center rounded-top-2"
    >
      Created by 
      <a
        href="https://github.com/pkolt"
      >
        Pavel Koltyshev
      </a>
       Â© 2023-
      2024
    </footer>
  </div>
</div>
`;
